sml
if
then
else
elif
fi
case
esac
for
select
while
until
do
done
in
function
time
{
}
!
[[
]]
coproc
__expand_tilde_by_ref
__get_cword_at_cursor_by_ref
__git_eread
__git_ps1
__git_ps1_colorize_gitstring
__git_ps1_show_upstream
__ltrim_colon_completions
__parse_options
__reassemble_comp_words_by_ref
_allowed_groups
_allowed_users
_available_interfaces
_cd
_cd_devices
_command
_command_offset
_complete_as_root
_completion_loader
_configured_interfaces
_count_args
_dvd_devices
_expand
_filedir
_filedir_xspec
_fstypes
_get_comp_words_by_ref
_get_cword
_get_first_arg
_get_pword
_gids
_have
_init_completion
_installed_modules
_ip_addresses
_kernel_versions
_known_hosts
_known_hosts_real
_longopt
_mac_addresses
_minimal
_modules
_ncpus
_parse_help
_parse_usage
_pci_ids
_pgids
_pids
_pnames
_quote_readline_by_ref
_realcommand
_rl_enabled
_root_command
_service
_services
_shells
_signals
_split_longopt
_sysvdirs
_terms
_tilde
_uids
_upvar
_upvars
_usb_ids
_user_at_host
_usergroup
_userland
_variables
_xfunc
_xinetd_services
dequote
eval_gettext
eval_ngettext
quote
quote_readline
.
:
[
alias
bg
bind
break
builtin
caller
cd
command
compgen
complete
compopt
continue
declare
dirs
disown
echo
enable
eval
exec
exit
export
false
fc
fg
getopts
hash
help
history
jobs
kill
let
local
logout
mapfile
popd
printf
pushd
pwd
read
readarray
readonly
return
set
shift
shopt
source
suspend
test
times
trap
true
type
typeset
ulimit
umask
unalias
unset
wait
con2fbmap
hostname
ulockmgr_server
nano
unicode_start
readlink
mktemp
lessfile
less
vdir
cat
setfont
zegrep
bunzip2
uname
nisdomainname
login
run-parts
uncompress
bzgrep
nc.openbsd
pwd
systemd-notify
kill
sed
open
which
wdctl
fgrep
bzmore
zforce
df
ping6
lesspipe
dd
rnano
ip
systemd-escape
tempfile
zless
dash
bash
zcat
fuser
lsblk
modeline2fb
nc.traditional
dir
mv
fgconsole
lessecho
dumpkeys
ed
ypdomainname
systemd
ping4
echo
mt-gnu
gunzip
loadkeys
ls
sh.distrib
pidof
systemd-machine-id-setup
egrep
ss
bzegrep
hciconfig
netstat
bzip2
red
bzcat
setupcon
ps
mt
fusermount
zfgrep
dmesg
bzexe
true
systemd-tmpfiles
ping
gzip
plymouth
zdiff
more
mount
lesskey
systemd-sysusers
zcmp
rbash
tailf
rmdir
kbd_mode
netcat
udevadm
findmnt
sync
cpio
zgrep
mknod
gzexe
dnsdomainname
bzdiff
chgrp
bzip2recover
kmod
znew
systemd-hwdb
sleep
mountpoint
mkdir
bzless
nc
su
loginctl
keyctl
systemd-ask-password
chvt
journalctl
cp
rm
ln
sh
systemd-inhibit
grep
date
tar
chmod
domainname
networkctl
false
bzcmp
chown
fbset
bzfgrep
openvt
lsmod
zmore
systemctl
systemd-tty-ask-password-agent
umount
touch
stty
xzfgrep
claws-mail
rpcgen
stat
delpart
jack_evmon
ul
python3m-config
arm-linux-gnueabihf-ld
xfontsel
lslocks
editres
apt-ftparchive
chage
arm-linux-gnueabihf-elfedit
chfn
select-default-iwrap
gcore
dbus-cleanup-sockets
grops
lexgrog
sudo
lxsession-logout
uptime
whoami
javah
xfconf-query
thresholder.py
nodejs
sdiff
tzselect
dh_numpy
pilprint.py
migrate-pubring-from-classic-gpg
apt-cache
pinky
grotty
dh_pypy
tnameserv
squeak
captoinfo
gconf-merge-tree
scratch2
addr2line
irb2.3
perf_4.4
net
setarch
iptables-xml
dpkg-mergechangelogs
lxsession-default-terminal
obj2yaml-3.8
RTIMULibDrive11
nfs4_getfacl
gpg
gdialog
viewer.py
extcheck
timeout
openbox-lxde-pi
xgamma
gnome-text-editor
passmass
pkttyagent
f2py
RTIMULibCal
apt-cdrom
newgrp
python3m
mcookie
uniq
fc-match
h2xs
ischroot
loweb
decode_tm6000
gpgsplit
scan-view
llvm-stress-3.8
arm-linux-gnueabihf-gcov-dump-6
expect_multixterm
pager
lessfile
sftp
libpng-config
psfstriptable
print
bluemoon
arm-linux-gnueabihf-dwp
pg
corelist
expect_decryptdir
deallocvt
c++
cupstestdsc
less
dpkg-genbuildinfo
piclone
jack_test
skill
users
git
arch
javadoc
funzip
opt
dpidc
arm-linux-gnueabihf-nm
xev
unexpand
minecraft-pi
tee
lxsession-xdg-autostart
c_rehash
sprof
listres
xrdb
lsb_release
xwininfo
rdoc
setlogcons
zenity
expect_timed-read
dbus-send
createfontdatachunk
awk
lsattr
cpp
sudoedit
prlimit
pygettext3
env
dtmerge
getfattr
getkeycodes
udisksctl
snice
xkibitz
nfs4_setfacl
xstdcmap
comm
pic
linux-check-removal
mtrace
yaml2obj
printenv
jack_multiple_metro
btuart
decryptdir
ipcmk
jps
chcon
ldapadd
debconf-communicate
showkey
f2py3.5
python2.7
tvservice
attr
nfs4_editfacl
readelf
cmp
sense_play
aseqdump
dpkg-buildflags
alsabat
netsurf
pi-gpk-dbus-service
git-upload-pack
look
testparm
curl
arm-linux-gnueabihf-ld.bfd
pycompile
fmt
envsubst
yaml-bench-3.8
traceproto
flock
gdbtui
xkbprint
vncpasswd
pip
ldapcompare
unmkinitramfs
xset
profiles
rsh
vncpipehelper
ex
bashbug
traceroute-nanog
smbcontrol
player.py
watchgnupg
htop
startlxde
erl
update-alternatives
xdg-desktop-menu
lsinitramfs
lxinput
dpkg-vendor
arm-linux-gnueabihf-cpp
cpan5.24-arm-linux-gnueabihf
setleds
paste
erb
xzcmp
omxplayer.bin
idle-python2.7
pinout
localectl
jdeps
multixterm
file-rename
nmblookup
run_erl
perlbug
pgrep
rds-ctl
kernel-install
dircolors
aptitude
busctl
tabs
hardlink
scsynth
patch
xkbbell
xdg-settings
linux-update-symlinks
x-session-manager
manpath
llvm-lto-3.8
debconf-getlang
expect_rlogin-cwd
systemd-path
which
xdriinfo
arm-linux-gnueabihf-strings
autoexpect
lxsession
hostid
cec-compliance
gcov-tool-6
raspiyuv
rctest
dbus-daemon
word-list-compress
idle-python3.5
jconsole
pydoc2.7
cpan
arm-linux-gnueabihf-gcov-6
servertool
verify-uselistorder
arm-linux-gnueabihf-gcc-nm
pkexec
chromium-browser
llvm-lib-3.8
btmon
apt-mark
aptitude-create-state-bundle
aspell
killall
pwdx
keytool
vim.tiny
pydoc
git-shell
write
pinentry-curses
xsubpp
fdtput
sum
gcc-6
jack_zombie
geany
info
nproc
[
wpa_passphrase
llvm-ranlib
top
pdfunite
openssl
epiphany
rdoc2.3
player
zipgrep
xrandr
tic
utmpdump
javap
passwd
routel
cec-ctl
pilprint
dpkg-shlibdeps
llc-3.8
dotlockfile
cal
lzfgrep
lsusb
tdbbackup
pkg-config
miniterm.py
systemd-run
partx
systemd-cgtop
expect_passmass
systemd-analyze
debconf
jack_cpu_load
chrt
aspell-import
lzdiff
gpio
lxterminal
arm-linux-gnueabihf-strip
lli
clang-tblgen-3.8
lesspipe
systemd-detect-virt
dpkg-split
pilconvert.py
git-upload-archive
rview
shuf
c-index-test
expect_cryptdir
debconf-show
ssh-copy-id
llvm-as-3.8
scratch.old
xarchiver
lxhotkey
unbuffer
clang-3.8
idle
gtbl
dpkg-gencontrol
helpztags
vmstat
dpkg-trigger
c99-gcc
luac5.1
update-nodejs-and-nodered
find
see
aptitude-curses
test
zdump
b2sum
smbstatus
jack_iodelay
llvm-mc
perldoc
dh_numpy3
xdg-user-dirs-update
lzcat
peekfd
xkeystone
arm-linux-gnueabihf-python3m-config
clang++
jack_samplerate
pilfile
pngfix
llvm-ar
encguess
jstack
cancel
cifscreds
yes
ldapmodrdn
expect_autopasswd
jrunscript
openbox-session
jack_midi_latency_test
mathematica
fc-cache
xcompmgr
samba-tool
arm-linux-gnueabihf-objcopy
ngettext
expect_tknewsbiff
piconv
linux-version
createfontdatachunk.py
arm-linux-gnueabihf-as
gcov-dump
expect_timed-run
setxkbmap
w
dtoverlay-pre
debconf-get-selections
decode-dimms
c-index-test-3.8
llvm-link
xargs
gdb-add-index
erl_call
painter
tdbrestore
alacarte
xdg-screensaver
id
jar
xdg-desktop-icon
unlzma
ucf
xdg-open
jack_midi_dump
apropos
pydoc3
eqn
zipnote
hex2hcd
llvm-pdbdump-3.8
expect_kibitz
gpasswd
ldapwhoami
pwdrcg.sh
tdbbackup.tdbtools
traceroute6.db
llvm-cov-3.8
llvm-PerfectShuffle-3.8
pdftoppm
rvim
2to3-2.7
lastlog
soelim
arm-linux-gnueabihf-cpp-6
lscpu
xzgrep
pypyclean
pdfinfo
base32
timed-read
nm
llvm-config
loadunimap
arm-linux-gnueabihf-gcc
xsetroot
gsettings
aconnect
lzless
jstatd
clang-query-3.8
psfxtable
join
jack_connect
strace
gpicview
preunzip
vim
debian-reference
sotruss
pigpiod
apt-sortpkgs
lzcmp
dpkg-parsechangelog
gifmaker
galculator
vncviewer
pcmanfm
pdb3
wsgen
viewres
nice
zip
pi-gpk-log
whiptail
llvm-c-test-3.8
jarsigner
bluetoothctl
objdump
x-window-manager
gio
glxinfo
scriptreplay
erlc
clang++-3.8
pod2man
node-red
fc-cat
crontab
ionice
jack_thru
c99
sancov-3.8
yapp
tr
ruby2.3
arm-linux-gnueabihf-ld.gold
json_pp
savelog
clang-cl-3.8
lpr
vncagent
objcopy
raspi-gpio
precat
sort
tdbdump
dpkg-checkbuilddeps
chsh
whatis
g++
gpgv
vncserver
python2.7-config
xdg-email
alsaucm
arm-linux-gnueabihf-python3-config
dbus-monitor
clang-check
fonttosfnt
raspistill
w.procps
dpkg-architecture
erb2.3
gprof
ssh
alsamixer
luajit-2.0.4
jexec
llvm-extract-3.8
iecset
lessecho
bsd-write
dpkg-name
irb
yaml2obj-3.8
sensible-pager
enhancer
mkfontdir
apt-config
expect_lpunlock
bccmd
lprm
namei
llvm-rtdyld
dumpkeys
wget
jwt3
lcf
systemd-delta
obxprop
luajit
dillo
pwdpip.sh
btmgmt
wolfram
update-gconf-defaults
lzmore
sss_ssh_knownhostsproxy
pdfdetach
fdtget
lorder
ptardiff
usb-devices
pildriver.py
dpkg-scanpackages
xhost
lodraw
sha1sum
chardet3
libnetcfg
llvm-dis
ir-ctl
glxheads
python2
nawk
dtparam
mapscrn
xkbevd
desktop-file-install
catman
pi-gpk-install-local-file
lofromtemplate
ucfq
gdb
shasum
llvm-profdata-3.8
dillo-install-hyphenation
lft
fallocate
viewer
vcdbg
dtoverlay
run-with-aspell
systemd-cgls
tkpasswd
arm-linux-gnueabihf-c++filt
vnclicensewiz
vncserver-x11-core
faked-sysv
arm-linux-gnueabihf-python3.5m-config
explode
groff
loadkeys
llvm-cxxdump-3.8
Mathematica
aseqnet
bdftruncate
alsaloop
splitfont
who
wall
arm-linux-gnueabihf-addr2line
chardet
llvm-profdata
kibitz
jack_session_notify
gpgconf
arm-linux-gnueabihf-gcov
btattach
dirmngr-client
head
hciattach
renice
ssh-add
scan-view-3.8
bsd-from
traceproto.db
xlsclients
jack_load
jack_net_slave
tset
xmodmap
get-edid
pygettext3.5
py3clean
zipinfo
resizepart
vncserver-virtual
strings
pybuild
raspivid
lslogins
gdbus
gksudo
idlj
calendar
fc-query
ciptool
pkill
llvm-ar-3.8
basename
Xvnc
ldappasswd
ruby
stdbuf
locale
arm-linux-gnueabihf-ar
gcc-ar
seq
sonic-pi
desktop-file-edit
arm-linux-gnueabihf-gcov-tool
view
deb-systemd-helper
ipcs
setmetamode
llvm-tblgen
hd
fc-list
lua
llvm-rtdyld-3.8
pyclean
arm-linux-gnueabihf-size
hostnamectl
lobase
truncate
lxtask
expr
gresource
nl
dtoverlay-post
showrgb
dbus-uuidgen
chardetect
clang-tblgen
lxclipboard
xauth
modularize-3.8
asan_symbolize
pdftohtml
easy_install
raspi-config
cryptdir
obconf
alsa_in
f2py2.7
llvm-link-3.8
point-rpi
lft.db
node-red-stop
pi-gpk-prefs
lsns
png-fix-itxt
2to3
jack_latent_client
llvm-dwarfdump-3.8
script
linux64
asan_symbolize-3.8
expect
infobrowser
dh_bash-completion
dpkg-query
xdg-user-dir
openbox-lxde
2to3-3.5
ivtv-ctl
catchsegv
jack_rec
dislocate
netsurf-gtk
vimtutor
jinfo
py3versions
jwt
faillog
dwp
jack_unload
expect_xkibitz
dtdiff
apt-extracttemplates
v4l2-sysfs-path
tknewsbiff
lxsession-db
ri
grog
python3.5-config
jack_metro
gsettings-schema-convert
dtc
xrefresh
traceroute
logname
gcc-nm-6
freetype-config
pyversions
setvtrgb
verify-uselistorder-3.8
gettext
jack_server_control
enc2xs
apt-listchanges
gpic
llvm-symbolizer-3.8
prename
update-desktop-database
epiphany-browser
jstat
lxpolkit
install
pstree.x11
jackdbus
ldapurl
llvm-nm-3.8
pdftops
vi
vncagent-raspi
zipdetails
iconv
showconsolefont
mkfontscale
dpkg
python3
watch
rake
pyvenv
vimdiff
pdb
luit
sha224sum
usbhid-dump
pdfimages
ld
llvm-symbolizer
llvm-dwp-3.8
bugpoint-3.8
f2py3
node-red-log
samba-regedit
x-www-browser
jack_midiseq
epmd
pigs
javac
node-red-start
man
gnome-www-browser
sensible-editor
jcmd
pidl
gtf
jack_transport
make
pydoc3.5
python3.5m-config
dirmngr
gold
prtstat
squeak.old
llvm-split-3.8
col
python
expand
jack_monitor_client
jack_midisine
unopkg
podchecker
jack_cpu
expect_tkpasswd
gencat
decode-vaio
sessreg
apt
ptar
lxpanelctl
python2-config
arm-linux-gnueabihf-objdump
instmodsh
xvinfo
ephy-profile-migrator
soffice
llvm-dis-3.8
autopasswd
rlogin
schemagen
scrot
ssh-keyscan
parse-edid
obexctl
alsatplg
llvm-config-3.8
arm-linux-gnueabihf-python3.5-config
perf
csplit
dm-tool
pip-3.2
gcc-ranlib-6
ispell-wrapper
llc
dc
elfedit
clang-apply-replacements
vnclicense
pdftotext
mpris-proxy
md5sum.textutils
llvm-cov
ssh-keygen
loffice
ri2.3
kbdinfo
llvm-objdump
ldapsearch
dpkg-genchanges
enhancer.py
X
amidi
x-terminal-emulator
pldd
arm-unknown-linux-gnueabihf-pkg-config
lzegrep
setcifsacl
groups
startx
getcifsacl
xkbwatch
expect_dislocate
dpkg-divert
pico
vchiq_test
llvm-tblgen-3.8
llvm-bcanalyzer
faked-tcp
xsetpointer
expiry
zipsplit
unicode_stop
ldapmodify
aplay
nroff
lesskey
ddcmon
fakeroot-tcp
ldd
neqn
cksum
dpkg-maintscript-helper
ssh-agent
vncserver-x11-serviced
xzmore
rtstat
lsipc
gdm-control
gcov
pkaction
gpg-zip
mawk
lxpanel
xzegrep
lxsession-edit
clang-check-3.8
rsync
fc-validate
xvidtune
pathchk
pi-packages
llvm-nm
glxgears
free
sense_emu_gui
size
addpart
xmessage
clang-query
pypycompile
lpq
tail
zipcloak
dpkg-deb
host
dpkg-source
lli-3.8
rfcomm
cec-follower
ncdu
line
unxz
deb-systemd-invoke
wish8.6
from
scp
psfgettable
xinput
linux32
python3-config
gcc-ar-6
arm-linux-gnueabihf-gcc-ar-6
lxsession-default
jack_disconnect
tasksel
arm-linux-gnueabihf-g++-6
xkill
startlxde-pi
thonny
xpdf
thresholder
zxpdf
localedef
jack_bufsize
gapplication
dbwrap_tool
c89
rmid
escript
nstat
arm-linux-gnueabihf-gcov-dump
jack_simple_session_client
arm-linux-gnueabihf-gprof
jack_freewheel
split
sensible-browser
lastb
nsenter
gsettings-data-convert
serialver
jhat
setkeycodes
column
h2ph
llvm-extract
python3.5m
arm-linux-gnueabihf-gcc-nm-6
pgzrun
getconf
perf_4.14
xpstat
rgrep
pi-gpk-update-viewer
orbd
pdffonts
kbxutil
llvm-size-3.8
xjc
xzdiff
openbox
perf_4.9
vim.basic
expect_mkpasswd
toe
colcrt
expect_weather
arm-linux-gnueabihf-python2.7-config
loimpress
routef
ctstat
lspgpot
llvm-mc-3.8
pdbedit
ld.gold
mesg
arm-linux-gnueabihf-gcc-ar
perl5.24.1
rev
llvm-objdump-3.8
diff3
expect_xpstat
perl5.24-arm-linux-gnueabihf
media-ctl
gconftool
ipcrm
omxplayer
clang-rename-3.8
arm-linux-gnueabihf-readelf
xz
gatttool
pilconvert
mk_modmap
localc
debconf-copydb
hcitool
scratch
alsa_out
geqn
llvm-readobj-3.8
pack200
xfd
gpg-connect-agent
pr
xxd
vnclicensehelper
clang
decode-edid
bugpoint
gcov-6
gconftool-2
js
pstree
glxdemo
fc-pattern
compose
lxrandr
dpkg-buildpackage
jack_alias
taskset
realpath
tree
jack_net_master
arm-linux-gnueabihf-gcc-ranlib-6
arm-linux-gnueabihf-run
lpoptions
tsort
appres
lzma
mandb
convert-dtsv0
lzgrep
scan-build
dpkg-statoverride
mkfifo
gksu-properties
lxkeymap
jsadebugd
expect_autoexpect
aptitude-run-state-bundle
pwdpic.sh
lp
printerbanner
arecordmidi
xkbcomp
llvm-diff-3.8
xkbvleds
timedatectl
llvm-ranlib-3.8
file
prove
python3.5
fakeroot
dpkg-gensymbols
pilfile.py
edit
dh_installxmlcatalogs
lxde-logout
rc_gui
l2ping
java
sense_csv
rlogin-cwd
pygettext
podselect
rcp
traceroute6
gcc-nm
dbus-update-activation-environment
screendump
c89-gcc
xlsfonts
bluej
debconf-loadtemplate
runcon
perlivp
systemd-cat
diff
expect_unbuffer
lpstat
ssh-argv0
xdpyinfo
gettext.sh
Xvnc-core
gem2.3
leafpad
sudoreplay
ranlib
slogin
pipanel
unshare
obj2yaml
bluealsa-aplay
pod2text
apt-key
troff
jdb
arm-linux-gnueabihf-python-config
colrm
ncal
jack_showtime
gio-querymodules
node
rpi-update
sense_rec
fc-scan
cc
amixer
debconf-mergetemplate
lowriter
policytool
xlsatoms
cpp-6
pilfont
llvm-dsymutil-3.8
getopt
perl
pl2pm
gpgparsemail
ldapdelete
vncserverui
pdb3.5
systemd-mount
idle3
update-mime-database.real
xzcat
unlink
gem
arecord
rename
pinentry
desktop-file-validate
pimixer
arm-linux-gnueabihf-gcc-ranlib
systemd-stdio-bridge
g++-6
rename.ul
infotocap
prezip-bin
strip
smbpasswd
bootctl
llvm-dwarfdump
lomath
lxde-pi-shutdown-helper
md5sum
arm-linux-gnueabihf-g++
gcc-ranlib
uuid
sdptool
llvm-size
cvt
pdb2.7
chattr
make-first-existing-target
jack_wait
update-mime-database
pmap
sg
as
dirname
ld.bfd
dpkg-distaddfile
xdg-icon-resource
luac
tclsh8.6
gcov-dump-6
Xorg
gksu
eventlogadm
fdtdump
gcov-tool
splain
sharesec
link
last
ginstall-info
native2ascii
ar
ckbcomp
arm-linux-gnueabihf-ranlib
pkcheck
jack_lsp
bluealsa
vncpamhelper
pip3
v4l2-ctl
lua5.1
dpkg-scansources
lp_solve
pyvenv-3.5
expect_ftp-rfc
xsetmode
sss_ssh_authorizedkeys
pod2usage
pod2html
tload
mcc
systemd-resolve
clang-apply-replacements-3.8
unzipsfx
tdbtool
qjackctl
pdftocairo
xcmsdb
ldapexop
arm-linux-gnueabihf-gcov-tool-6
timed-run
whereis
lxappearance
l2test
bdftopcf
pdfsig
painter.py
rmic
arm-linux-gnueabihf-pkg-config
greenfoot
scan-build-3.8
explode.py
wolframscript
preconv
node-red-pi
rmiregistry
iceauth
dbus-launch
shred
timidity
gpg-agent
arm-linux-gnueabihf-gcc-6
pig2vcd
apt-get
jmap
numfmt
to_erl
jack_netsource
chardetect3
ftp-rfc
hexdump
xdg-mime
debconf-apt-progress
ucfr
setsid
easy_install3
llvm-bcanalyzer-3.8
llvm-as
du
start_embedded
x2x
ncurses5-config
ucs2any
printf
tty
fold
fakeroot-sysv
aplaymidi
clear
sha256sum
lnstat
flask
xzless
dh_python2
tput
sha384sum
base64
setterm
raspividyuv
wc
vncserver-virtuald
py3compile
perlthanks
unzip
vncinitconfig
reset
glib-compile-resources
dh_python3
c2ph
xpdf.real
tbl
vcgencmd
unpack200
cupstestppd
glib-compile-schemas
smartsim
libpng16-config
vncserver-x11
setfattr
editor
jack_simple_client
expect_rftp
symcryptrun
logger
xprop
jack_control
gifmaker.py
v4l2-compliance
c++filt
clear_console
speaker-test
opt-3.8
psfaddtable
lzmainfo
slabtop
select-editor
pygettext2.7
ptx
pip2
llvm-diff
factor
pypy
python-config
pilfont.py
gcc
touch
systemd-socket-activate
ptargrep
edidparser
prezip
pstruct
od
llvm-mcmarkup-3.8
wsimport
pdfseparate
git-receive-pack
tac
gtk-update-icon-cache
pildriver
libreoffice
install-info
traceroute.db
getent
codepage
oLschema2ldif
run-mailcap
lpunlock
sha512sum
jackd
debconf-set-selections
appletviewer
infocmp
dbus-run-session
cut
cx18-ctl
dpid
xinit
debconf-escape
nohup
